2024-02-07 14:24:24,691 - INFO - Driver started and logged successfully
2024-02-07 14:26:08,409 - INFO - Video sent to telegram!
2024-02-07 14:26:08,413 - INFO - Video deleted
2024-02-07 14:28:08,526 - INFO - Video sent to telegram!
2024-02-07 14:28:08,527 - INFO - Video deleted
2024-02-07 14:28:35,096 - INFO - Driver started and logged successfully
2024-02-07 14:29:32,321 - INFO - Video sent to telegram!
2024-02-07 14:29:32,324 - INFO - Video deleted
2024-02-07 14:30:00,714 - INFO - Driver started and logged successfully
2024-02-07 14:30:53,284 - INFO - All assertions passed and autopayment added successfully!
2024-02-07 14:31:21,275 - INFO - Video sent to telegram!
2024-02-07 14:31:21,280 - INFO - Video deleted
2024-02-07 14:32:26,796 - INFO - Driver started and logged successfully
2024-02-07 14:33:19,193 - INFO - Video sent to telegram!
2024-02-07 14:33:19,196 - INFO - Video deleted
2024-02-07 14:35:56,968 - INFO - Driver started and logged successfully
2024-02-07 14:36:34,743 - INFO - All assertions passed and autopayment added successfully!
